Microchip MPLAB XC8 Compiler V1.33 ()

Linker command line:

--edf=C:\Program Files (x86)\Microchip\xc8\v1.33\dat\en_msgs.txt -cs \
  -h+Alin_Ceballos_Francis_Gere_Ratificar_DP.sym \
  --cmf=Alin_Ceballos_Francis_Gere_Ratificar_DP.cmf -z -Q16F877A \
  -oC:\Users\notjo\AppData\Local\Temp\sk90.6 \
  -MAlin_Ceballos_Francis_Gere_Ratificar_DP.map -E1 -ver=XC8 \
  -ASTACK=0110h-016fh -pstack=STACK -ACONST=00h-0FFhx32 -ACODE=00h-07FFhx4 \
  -ASTRCODE=00h-01FFFh -AENTRY=00h-0FFhx32 -ASTRING=00h-0FFhx32 \
  -ACOMMON=070h-07Fh -ABANK0=020h-06Fh -ABANK1=0A0h-0EFh \
  -ABANK2=0110h-016Fh -ABANK3=0190h-01EFh \
  -ARAM=020h-06Fh,0A0h-0EFh,0110h-016Fh,0190h-01EFh \
  -AABS1=020h-07Fh,0A0h-0EFh,0110h-016Fh,0190h-01EFh -ASFR0=00h-01Fh \
  -ASFR1=080h-09Fh -ASFR2=0100h-010Fh -ASFR3=0180h-018Fh \
  -preset_vec=00h,intentry=04h,init,end_init -ppowerup=CODE -pcinit=CODE \
  -pfunctab=CODE -ACONFIG=02007h-02007h -pconfig=CONFIG -DCONFIG=2 \
  -AIDLOC=02000h-02003h -pidloc=IDLOC -DIDLOC=2 -AEEDATA=00h-0FFh/02100h \
  -peeprom_data=EEDATA -DEEDATA=2 -DCODE=2 -DSTRCODE=2 -DSTRING=2 -DCONST=2 \
  -DENTRY=2 -k startup.obj Alin_Ceballos_Francis_Gere_Ratificar_DP.obj 

Object code version is 3.11

Machine type is 16F877A



                Name                               Link     Load   Length Selector   Space Scale
startup.obj     end_init                             12       12        3        8       0
                reset_vec                             0        0        3        0       0
                config                             2007     2007        1     400E       0
Alin_Ceballos_Francis_Gere_Ratificar_DP.obj
                cinit                                15       15       17        8       0
                intentry                              4        4        E        8       0
                text25                              BAC      BAC       17     1758       0
                text24                              DA0      DA0       4F     1B40       0
                text23                              F08      F08       6A     1E10       0
                text22                              3AA      3AA      109        8       0
                text21                              661      661       B8        8       0
                text20                              E4A      E4A       5F     1C94       0
                text19                              58E      58E       D3        8       0
                text18                              BA2      BA2        A     1744       0
                text17                              F72      F72       8E     1EE4       0
                text16                              BC3      BC3       18     1786       0
                text15                              C61      C61       2B     18C2       0
                text14                              C8C      C8C       2B     1918       0
                text13                              C15      C15       23     182A       0
                text12                              D1A      D1A       40     1A34       0
                text11                              CE4      CE4       36     19C8       0
                text10                              4B3      4B3       DB        8       0
                text9                                2C       2C      203        8       0
                text8                               BDB      BDB       1D     17B6       0
                text7                               EA9      EA9       5F     1D52       0
                text6                               C38      C38       29     1870       0
                text5                               7AD      7AD       51      F5A       0
                text4                               DEF      DEF       5B     1BDE       0
                text3                               CB7      CB7       2D     196E       0
                text2                               BF8      BF8       1D     17F0       0
                text1                               22F      22F      17B        8       0
                maintext                            D5A      D5A       46     1AB4       0
                cstackBANK0                          20       20       3A       20       1
                cstackCOMMON                         70       70        6       70       1
                cstackBANK1                          BC       BC       12       A0       1
                clrtext                             B9A      B9A        8     1734       0
                bssBANK1                             A0       A0       1C       A0       1
                bssBANK0                             5A       5A        9       20       1
                bssCOMMON                            76       76        4       70       1
                strings                             719      719       94      E32       0

TOTAL           Name                               Link     Load   Length     Space
        CLASS   STACK          

        CLASS   CONST          

        CLASS   CODE           
                end_init                             12       12        3         0
                cinit                                15       15       17         0
                intentry                              4        4        E         0
                reset_vec                             0        0        3         0
                text25                              BAC      BAC       17         0
                text24                              DA0      DA0       4F         0
                text23                              F08      F08       6A         0
                text22                              3AA      3AA      109         0
                text21                              661      661       B8         0
                text20                              E4A      E4A       5F         0
                text19                              58E      58E       D3         0
                text18                              BA2      BA2        A         0
                text17                              F72      F72       8E         0
                text16                              BC3      BC3       18         0
                text15                              C61      C61       2B         0
                text14                              C8C      C8C       2B         0
                text13                              C15      C15       23         0
                text12                              D1A      D1A       40         0
                text11                              CE4      CE4       36         0
                text10                              4B3      4B3       DB         0
                text9                                2C       2C      203         0
                text8                               BDB      BDB       1D         0
                text7                               EA9      EA9       5F         0
                text6                               C38      C38       29         0
                text5                               7AD      7AD       51         0
                text4                               DEF      DEF       5B         0
                text3                               CB7      CB7       2D         0
                text2                               BF8      BF8       1D         0
                text1                               22F      22F      17B         0
                maintext                            D5A      D5A       46         0
                clrtext                             B9A      B9A        8         0

        CLASS   STRCODE        

        CLASS   ENTRY          

        CLASS   STRING         
                strings                             719      719       94         0

        CLASS   COMMON         
                cstackCOMMON                         70       70        6         1
                bssCOMMON                            76       76        4         1

        CLASS   BANK0          
                cstackBANK0                          20       20       3A         1
                bssBANK0                             5A       5A        9         1

        CLASS   BANK1          
                cstackBANK1                          BC       BC       12         1
                bssBANK1                             A0       A0       1C         1

        CLASS   BANK2          

        CLASS   BANK3          

        CLASS   RAM            

        CLASS   ABS1           
                abs_s1                               7E       7E        2         1

        CLASS   SFR0           

        CLASS   SFR1           

        CLASS   SFR2           

        CLASS   SFR3           

        CLASS   CONFIG         
                config                             2007     2007        1         0

        CLASS   IDLOC          

        CLASS   EEDATA         



SEGMENTS        Name                           Load    Length   Top    Selector   Space  Class     Delta

                reset_vec                      000000  000003  000003         0       0  CODE        2
                intentry                       000004  000715  000719         8       0  CODE        2
                cstackBANK0                    000020  000043  000063        20       1  BANK0       1
                cstackCOMMON                   000070  00000A  00007A        70       1  COMMON      1
                bssBANK1                       0000A0  00002E  0000CE        A0       1  BANK1       1
                strings                        000719  000094  0007AD       E32       0  STRING      2
                text5                          0007AD  000051  0007FE       F5A       0  CODE        2
                clrtext                        000B9A  000008  000BA2      1734       0  CODE        2
                text18                         000BA2  00000A  000BAC      1744       0  CODE        2
                text25                         000BAC  000017  000BC3      1758       0  CODE        2
                text16                         000BC3  000018  000BDB      1786       0  CODE        2
                text8                          000BDB  00001D  000BF8      17B6       0  CODE        2
                text2                          000BF8  00001D  000C15      17F0       0  CODE        2
                text13                         000C15  000023  000C38      182A       0  CODE        2
                text6                          000C38  000029  000C61      1870       0  CODE        2
                text15                         000C61  00002B  000C8C      18C2       0  CODE        2
                text14                         000C8C  00002B  000CB7      1918       0  CODE        2
                text3                          000CB7  00002D  000CE4      196E       0  CODE        2
                text11                         000CE4  000036  000D1A      19C8       0  CODE        2
                text12                         000D1A  000040  000D5A      1A34       0  CODE        2
                maintext                       000D5A  000046  000DA0      1AB4       0  CODE        2
                text24                         000DA0  00004F  000DEF      1B40       0  CODE        2
                text4                          000DEF  00005B  000E4A      1BDE       0  CODE        2
                text20                         000E4A  00005F  000EA9      1C94       0  CODE        2
                text7                          000EA9  00005F  000F08      1D52       0  CODE        2
                text23                         000F08  00006A  000F72      1E10       0  CODE        2
                text17                         000F72  00008E  001000      1EE4       0  CODE        2
                config                         002007  000001  002008      400E       0  CONFIG      2


UNUSED ADDRESS RANGES

        Name                Unused          Largest block    Delta
        BANK0            0063-006F              D           1
        BANK1            00CE-00EF             22           1
        BANK2            0110-016F             60           1
        BANK3            0190-01EF             60           1
        CODE             0003-0003              1           2
                         07FE-0B99              2
                         1000-1FFF            800
        COMMON           007A-007D              4           1
        CONST            0003-0003              1           2
                         07FE-0B99            100
                         1000-1FFF            100
        EEDATA           2100-21FF            100           2
        ENTRY            0003-0003              1           2
                         07FE-0B99            100
                         1000-1FFF            100
        IDLOC            2000-2003              4           2
        RAM              0063-006F              D           1
                         00CE-00EF             22
                         0110-016F             60
                         0190-01EF             60
        SFR0             0000-001F             20           1
        SFR1             0080-009F             20           1
        SFR2             0100-010F             10           1
        SFR3             0180-018F             10           1
        STACK            0110-016F             60           1
        STRCODE          0003-0003              1           2
                         07FE-0B99            39C
                         1000-1FFF           1000
        STRING           0003-0003              1           2
                         07FE-0B99            100
                         1000-1FFF            100

                                  Symbol Table

?___awmod                    cstackBANK0  0020
?___ftadd                    cstackBANK0  003E
?___ftdiv                    cstackBANK0  0028
?___ftmul                    cstackBANK0  002B
?___ftneg                    cstackBANK0  003B
?___ftpack                   cstackBANK0  0020
?___fttol                    cstackBANK0  004B
?___lwdiv                    cstackBANK0  0020
?___lwmod                    cstackBANK0  0027
?___lwtoft                   cstackBANK0  0028
?_sprintf                    cstackBANK0  002C
_GIE                         (abs)        005F
_ISR                         text25       0BAC
_OPTION_REG                  (abs)        0081
_PEIE                        (abs)        005E
_PORTC                       (abs)        0007
_PORTD                       (abs)        0008
_RB1                         (abs)        0031
_RB2                         (abs)        0032
_RC0                         (abs)        0038
_RC2                         (abs)        003A
_RC3                         (abs)        003B
_RC4                         (abs)        003C
_T1CON                       (abs)        0010
_TMR0IE                      (abs)        005D
_TMR0IF                      (abs)        005A
_TMR1H                       (abs)        000F
_TMR1IE                      (abs)        0460
_TMR1IF                      (abs)        0060
_TMR1L                       (abs)        000E
_TMR1ON                      (abs)        0080
_TRISA                       (abs)        0085
_TRISB1                      (abs)        0431
_TRISB2                      (abs)        0432
_TRISC0                      (abs)        0438
_TRISC1                      (abs)        0439
_TRISC2                      (abs)        043A
_TRISC3                      (abs)        043B
_TRISC4                      (abs)        043C
_TRISD                       (abs)        0088
__CFG_BOREN$ON               (abs)        0000
__CFG_CP$OFF                 (abs)        0000
__CFG_CPD$OFF                (abs)        0000
__CFG_FOSC$XT                (abs)        0000
__CFG_LVP$OFF                (abs)        0000
__CFG_PWRTE$ON               (abs)        0000
__CFG_WDTE$OFF               (abs)        0000
__CFG_WRT$OFF                (abs)        0000
__Habs1                      abs1         0000
__Hbank0                     bank0        0000
__Hbank1                     bank1        0000
__Hbank2                     bank2        0000
__Hbank3                     bank3        0000
__HbssBANK0                  bssBANK0     0000
__HbssBANK1                  bssBANK1     0000
__HbssCOMMON                 bssCOMMON    0000
__Hcinit                     cinit        002C
__Hclrtext                   clrtext      0000
__Hcode                      code         0000
__Hcommon                    common       0000
__Hconfig                    config       2008
__HcstackBANK0               cstackBANK0  0000
__HcstackBANK1               cstackBANK1  0000
__HcstackCOMMON              cstackCOMMON 0000
__Heeprom_data               eeprom_data  0000
__Hend_init                  end_init     0015
__Hfunctab                   functab      0000
__Hidloc                     idloc        0000
__Hinit                      init         0012
__Hintentry                  intentry     0012
__Hmaintext                  maintext     0000
__Hpowerup                   powerup      0000
__Hram                       ram          0000
__Hreset_vec                 reset_vec    0003
__Hsfr0                      sfr0         0000
__Hsfr1                      sfr1         0000
__Hsfr2                      sfr2         0000
__Hsfr3                      sfr3         0000
__Hspace_0                   (abs)        2008
__Hspace_1                   (abs)        00CE
__Hspace_2                   (abs)        0000
__Hspace_3                   (abs)        0000
__Hstack                     stack        0000
__Hstrings                   strings      0000
__Htext                      text         0000
__Labs1                      abs1         0000
__Lbank0                     bank0        0000
__Lbank1                     bank1        0000
__Lbank2                     bank2        0000
__Lbank3                     bank3        0000
__LbssBANK0                  bssBANK0     0000
__LbssBANK1                  bssBANK1     0000
__LbssCOMMON                 bssCOMMON    0000
__Lcinit                     cinit        0015
__Lclrtext                   clrtext      0000
__Lcode                      code         0000
__Lcommon                    common       0000
__Lconfig                    config       2007
__LcstackBANK0               cstackBANK0  0000
__LcstackBANK1               cstackBANK1  0000
__LcstackCOMMON              cstackCOMMON 0000
__Leeprom_data               eeprom_data  0000
__Lend_init                  end_init     0012
__Lfunctab                   functab      0000
__Lidloc                     idloc        0000
__Linit                      init         0012
__Lintentry                  intentry     0004
__Lmaintext                  maintext     0000
__Lpowerup                   powerup      0000
__Lram                       ram          0000
__Lreset_vec                 reset_vec    0000
__Lsfr0                      sfr0         0000
__Lsfr1                      sfr1         0000
__Lsfr2                      sfr2         0000
__Lsfr3                      sfr3         0000
__Lspace_0                   (abs)        0000
__Lspace_1                   (abs)        0000
__Lspace_2                   (abs)        0000
__Lspace_3                   (abs)        0000
__Lstack                     stack        0000
__Lstrings                   strings      0000
__Ltext                      text         0000
__S0                         (abs)        2008
__S1                         (abs)        00CE
__S2                         (abs)        0000
__S3                         (abs)        0000
___awmod                     text24       0DA0
___awmod@counter             cstackBANK0  0024
___awmod@dividend            cstackBANK0  0022
___awmod@divisor             cstackBANK0  0020
___awmod@sign                cstackBANK0  0025
___ftadd                     text22       03AA
___ftadd@exp1                cstackBANK0  004A
___ftadd@exp2                cstackBANK0  0049
___ftadd@f1                  cstackBANK0  003E
___ftadd@f2                  cstackBANK0  0041
___ftadd@sign                cstackBANK0  0048
___ftdiv                     text21       0661
___ftdiv@cntr                cstackBANK0  0032
___ftdiv@exp                 cstackBANK0  0036
___ftdiv@f1                  cstackBANK0  002B
___ftdiv@f2                  cstackBANK0  0028
___ftdiv@f3                  cstackBANK0  0033
___ftdiv@sign                cstackBANK0  0037
___ftge                      text20       0E4A
___ftge@ff1                  cstackBANK0  0020
___ftge@ff2                  cstackBANK0  0023
___ftmul                     text19       058E
___ftmul@cntr                cstackBANK0  0039
___ftmul@exp                 cstackBANK0  0035
___ftmul@f1                  cstackBANK0  002B
___ftmul@f2                  cstackBANK0  002E
___ftmul@f3_as_product       cstackBANK0  0036
___ftmul@sign                cstackBANK0  003A
___ftneg                     text18       0BA2
___ftneg@f1                  cstackBANK0  003B
___ftpack                    text23       0F08
___ftpack@arg                cstackBANK0  0020
___ftpack@exp                cstackBANK0  0023
___ftpack@sign               cstackBANK0  0024
___fttol                     text17       0F72
___fttol@exp1                cstackBANK0  0058
___fttol@f1                  cstackBANK0  004B
___fttol@lval                cstackBANK0  0054
___fttol@sign1               cstackBANK0  0053
___int_sp                    stack        0000
___latbits                   (abs)        0002
___lwdiv                     text12       0D1A
___lwdiv@counter             cstackBANK0  0024
___lwdiv@dividend            cstackBANK0  0022
___lwdiv@divisor             cstackBANK0  0020
___lwdiv@quotient            cstackBANK0  0025
___lwmod                     text11       0CE4
___lwmod@counter             cstackBANK0  002B
___lwmod@dividend            cstackBANK0  0029
___lwmod@divisor             cstackBANK0  0027
___lwtoft                    text16       0BC3
___lwtoft@c                  cstackBANK0  0028
___sp                        stack        0000
__end_of_ISR                 text25       0BC3
__end_of___awmod             text24       0DEF
__end_of___ftadd             text22       04B3
__end_of___ftdiv             text21       0719
__end_of___ftge              text20       0EA9
__end_of___ftmul             text19       0661
__end_of___ftneg             text18       0BAC
__end_of___ftpack            text23       0F72
__end_of___fttol             text17       1000
__end_of___lwdiv             text12       0D5A
__end_of___lwmod             text11       0D1A
__end_of___lwtoft            text16       0BDB
__end_of__initialization     cinit        0028
__end_of__stringdata         strings      07AD
__end_of__stringtab          strings      0729
__end_of_checkWaterLevel     text9        022F
__end_of_dataCtrl            text14       0CB7
__end_of_disableWater        text6        0C61
__end_of_dpowers             strings      0733
__end_of_enableWater         text3        0CE4
__end_of_initLCD             text8        0BF8
__end_of_initSYS             text5        07FE
__end_of_instCtrl            text15       0C8C
__end_of_main                maintext     0DA0
__end_of_printString         text13       0C38
__end_of_rotateLeft          text4        0E4A
__end_of_rotateRight         text7        0F08
__end_of_sprintf             text10       058E
__end_of_timerDelay          text2        0C15
__end_of_updateDisplay       text1        03AA
__initialization             cinit        0015
__pbssBANK0                  bssBANK0     005A
__pbssBANK1                  bssBANK1     00A0
__pbssCOMMON                 bssCOMMON    0076
__pcstackBANK0               cstackBANK0  0020
__pcstackBANK1               cstackBANK1  00BC
__pcstackCOMMON              cstackCOMMON 0070
__pintentry                  intentry     0004
__pmaintext                  maintext     0D5A
__pstrings                   strings      0719
__ptext1                     text1        022F
__ptext10                    text10       04B3
__ptext11                    text11       0CE4
__ptext12                    text12       0D1A
__ptext13                    text13       0C15
__ptext14                    text14       0C8C
__ptext15                    text15       0C61
__ptext16                    text16       0BC3
__ptext17                    text17       0F72
__ptext18                    text18       0BA2
__ptext19                    text19       058E
__ptext2                     text2        0BF8
__ptext20                    text20       0E4A
__ptext21                    text21       0661
__ptext22                    text22       03AA
__ptext23                    text23       0F08
__ptext24                    text24       0DA0
__ptext25                    text25       0BAC
__ptext3                     text3        0CB7
__ptext4                     text4        0DEF
__ptext5                     text5        07AD
__ptext6                     text6        0C38
__ptext7                     text7        0EA9
__ptext8                     text8        0BDB
__ptext9                     text9        002C
__size_of_ISR                (abs)        0000
__size_of___awmod            (abs)        0000
__size_of___ftadd            (abs)        0000
__size_of___ftdiv            (abs)        0000
__size_of___ftge             (abs)        0000
__size_of___ftmul            (abs)        0000
__size_of___ftneg            (abs)        0000
__size_of___ftpack           (abs)        0000
__size_of___fttol            (abs)        0000
__size_of___lwdiv            (abs)        0000
__size_of___lwmod            (abs)        0000
__size_of___lwtoft           (abs)        0000
__size_of_checkWaterLevel    (abs)        0000
__size_of_dataCtrl           (abs)        0000
__size_of_disableWater       (abs)        0000
__size_of_enableWater        (abs)        0000
__size_of_initLCD            (abs)        0000
__size_of_initSYS            (abs)        0000
__size_of_instCtrl           (abs)        0000
__size_of_main               (abs)        0000
__size_of_printString        (abs)        0000
__size_of_rotateLeft         (abs)        0000
__size_of_rotateRight        (abs)        0000
__size_of_sprintf            (abs)        0000
__size_of_timerDelay         (abs)        0000
__size_of_updateDisplay      (abs)        0000
__stringbase                 strings      0728
__stringdata                 strings      0733
__stringtab                  strings      0719
_avg                         bssBANK0     005A
_checkWaterLevel             text9        002C
_collection                  bssBANK1     00A0
_countflag                   bssBANK1     00B4
_dataCtrl                    text14       0C8C
_disableWater                text6        0C38
_dpowers                     strings      0729
_empty                       bssCOMMON    0076
_enableWater                 text3        0CB7
_index                       bssBANK0     005D
_initLCD                     text8        0BDB
_initSYS                     text5        07AD
_instCtrl                    text15       0C61
_main                        maintext     0D5A
_printString                 text13       0C15
_rotateLeft                  text4        0DEF
_rotateRight                 text7        0EA9
_schedulerFlag               bssBANK1     00B6
_seconds                     bssCOMMON    0078
_servo_one_status            bssBANK0     005F
_servo_two_status            bssBANK0     0061
_sprintf                     text10       04B3
_timerDelay                  text2        0BF8
_updateDisplay               text1        022F
_valve1                      bssBANK1     00B8
_valve2                      bssBANK1     00BA
btemp                        (abs)        007E
checkWaterLevel@distance     cstackBANK1  00C8
checkWaterLevel@duration     cstackBANK1  00C6
checkWaterLevel@i            cstackBANK1  00CC
checkWaterLevel@percentValue cstackBANK1  00CA
checkWaterLevel@percentage   cstackBANK1  00BC
clear_ram0                   clrtext      0B9A
dataCtrl@data                cstackBANK0  0020
dataCtrl@i                   cstackBANK0  0021
disableWater@servoPin        cstackBANK0  0023
enableWater@servoPin         cstackBANK0  0023
end_of_initialization        cinit        0028
instCtrl@i                   cstackBANK0  0021
instCtrl@inst                cstackBANK0  0020
interrupt_function           intentry     0004
intlevel0                    functab      0000
intlevel1                    functab      0000
intlevel2                    functab      0000
intlevel3                    functab      0000
intlevel4                    functab      0000
intlevel5                    functab      0000
ltemp                        (abs)        007E
ltemp0                       (abs)        007E
ltemp1                       (abs)        0082
ltemp2                       (abs)        0086
ltemp3                       (abs)        0080
printString@string           cstackCOMMON 0074
reset_vec                    reset_vec    0000
rotateLeft@servoPin          cstackCOMMON 0074
rotateRight@servoPin         cstackCOMMON 0074
saved_w                      (abs)        007E
sprintf@_val                 cstackBANK0  0035
sprintf@ap                   cstackBANK0  0032
sprintf@c                    cstackBANK0  003A
sprintf@f                    cstackBANK0  002C
sprintf@flag                 cstackBANK0  0033
sprintf@prec                 cstackBANK0  0034
sprintf@sp                   cstackBANK0  0039
stackhi                      (abs)        0000
stacklo                      (abs)        0000
start                        init         0012
start_initialization         cinit        0015
timerDelay@localClock        cstackCOMMON 0074
ttemp                        (abs)        007E
ttemp0                       (abs)        007E
ttemp1                       (abs)        0081
ttemp2                       (abs)        0084
ttemp3                       (abs)        0087
ttemp4                       (abs)        007F
updateDisplay@seconds_str    cstackBANK0  003C
wtemp                        (abs)        007E
wtemp0                       (abs)        007E
wtemp1                       (abs)        0080
wtemp2                       (abs)        0082
wtemp3                       (abs)        0084
wtemp4                       (abs)        0086
wtemp5                       (abs)        0088
wtemp6                       (abs)        007F


FUNCTION INFORMATION:

 *************** function _main *****************
 Defined at:
		line 121 in file "C:\Users\notjo\OneDrive\Desktop\USC\USC-Year3-Sem2\3201-EmbeddedSystems\Automated_Water_Distribution\build\Alin_Ceballos_Francis_Gere_Ratificar_DP.c"
 Parameters:    Size  Location     Type
		None
 Auto vars:     Size  Location     Type
		None
 Return value:  Size  Location     Type
		None               void
 Registers used:
		wreg, fsr0l, fsr0h, status,2, status,0, btemp+1, pclath, cstack
 Tracked objects:
		On entry : 
		On exit  : 
		Unchanged: 
 Data sizes:     COMMON   BANK0   BANK1   BANK3   BANK2
      Params:         0       0       0       0       0
      Locals:         0       0       0       0       0
      Temps:          0       0       0       0       0
      Totals:         0       0       0       0       0
Total ram usage:        0 bytes
 Hardware stack levels required when called:    4
 This function calls:
		_checkWaterLevel
		_initLCD
		_initSYS
		_instCtrl
		_printString
		_updateDisplay
 This function is called by:
		Startup code after reset
 This function uses a non-reentrant model


 *************** function _updateDisplay *****************
 Defined at:
		line 171 in file "C:\Users\notjo\OneDrive\Desktop\USC\USC-Year3-Sem2\3201-EmbeddedSystems\Automated_Water_Distribution\build\Alin_Ceballos_Francis_Gere_Ratificar_DP.c"
 Parameters:    Size  Location     Type
		None
 Auto vars:     Size  Location     Type
  seconds_str    10   28[BANK0 ] unsigned char [10]
 Return value:  Size  Location     Type
		None               void
 Registers used:
		wreg, fsr0l, fsr0h, status,2, status,0, btemp+1, pclath, cstack
 Tracked objects:
		On entry : 
		On exit  : 
		Unchanged: 
 Data sizes:     COMMON   BANK0   BANK1   BANK3   BANK2
      Params:         0       0       0       0       0
      Locals:         0      10       0       0       0
      Temps:          0       1       0       0       0
      Totals:         0      11       0       0       0
Total ram usage:       11 bytes
 Hardware stack levels used:    1
 Hardware stack levels required when called:    3
 This function calls:
		_disableWater
		_enableWater
		_instCtrl
		_printString
		_sprintf
		_timerDelay
 This function is called by:
		_main
 This function uses a non-reentrant model


 *************** function _timerDelay *****************
 Defined at:
		line 281 in file "C:\Users\notjo\OneDrive\Desktop\USC\USC-Year3-Sem2\3201-EmbeddedSystems\Automated_Water_Distribution\build\Alin_Ceballos_Francis_Gere_Ratificar_DP.c"
 Parameters:    Size  Location     Type
		None
 Auto vars:     Size  Location     Type
  localClock      2    4[COMMON] int 
 Return value:  Size  Location     Type
		None               void
 Registers used:
		wreg, status,2, btemp+1
 Tracked objects:
		On entry : 
		On exit  : 
		Unchanged: 
 Data sizes:     COMMON   BANK0   BANK1   BANK3   BANK2
      Params:         0       0       0       0       0
      Locals:         2       0       0       0       0
      Temps:          0       0       0       0       0
      Totals:         2       0       0       0       0
Total ram usage:        2 bytes
 Hardware stack levels used:    1
 Hardware stack levels required when called:    1
 This function calls:
		Nothing
 This function is called by:
		_updateDisplay
 This function uses a non-reentrant model


 *************** function _enableWater *****************
 Defined at:
		line 391 in file "C:\Users\notjo\OneDrive\Desktop\USC\USC-Year3-Sem2\3201-EmbeddedSystems\Automated_Water_Distribution\build\Alin_Ceballos_Francis_Gere_Ratificar_DP.c"
 Parameters:    Size  Location     Type
  servoPin        2    3[BANK0 ] int 
 Auto vars:     Size  Location     Type
		None
 Return value:  Size  Location     Type
		None               void
 Registers used:
		wreg, fsr0l, fsr0h, status,2, status,0, pclath, cstack
 Tracked objects:
		On entry : 
		On exit  : 
		Unchanged: 
 Data sizes:     COMMON   BANK0   BANK1   BANK3   BANK2
      Params:         0       2       0       0       0
      Locals:         0       0       0       0       0
      Temps:          0       0       0       0       0
      Totals:         0       2       0       0       0
Total ram usage:        2 bytes
 Hardware stack levels used:    1
 Hardware stack levels required when called:    2
 This function calls:
		_rotateLeft
 This function is called by:
		_updateDisplay
 This function uses a non-reentrant model


 *************** function _rotateLeft *****************
 Defined at:
		line 451 in file "C:\Users\notjo\OneDrive\Desktop\USC\USC-Year3-Sem2\3201-EmbeddedSystems\Automated_Water_Distribution\build\Alin_Ceballos_Francis_Gere_Ratificar_DP.c"
 Parameters:    Size  Location     Type
  servoPin        2    4[COMMON] int 
 Auto vars:     Size  Location     Type
		None
 Return value:  Size  Location     Type
		None               void
 Registers used:
		wreg, fsr0l, fsr0h, status,2, status,0
 Tracked objects:
		On entry : 
		On exit  : 
		Unchanged: 
 Data sizes:     COMMON   BANK0   BANK1   BANK3   BANK2
      Params:         2       0       0       0       0
      Locals:         0       0       0       0       0
      Temps:          0       3       0       0       0
      Totals:         2       3       0       0       0
Total ram usage:        5 bytes
 Hardware stack levels used:    1
 Hardware stack levels required when called:    1
 This function calls:
		Nothing
 This function is called by:
		_enableWater
 This function uses a non-reentrant model


 *************** function _initSYS *****************
 Defined at:
		line 157 in file "C:\Users\notjo\OneDrive\Desktop\USC\USC-Year3-Sem2\3201-EmbeddedSystems\Automated_Water_Distribution\build\Alin_Ceballos_Francis_Gere_Ratificar_DP.c"
 Parameters:    Size  Location     Type
		None
 Auto vars:     Size  Location     Type
		None
 Return value:  Size  Location     Type
		None               void
 Registers used:
		wreg, fsr0l, fsr0h, status,2, status,0, btemp+1, pclath, cstack
 Tracked objects:
		On entry : 
		On exit  : 
		Unchanged: 
 Data sizes:     COMMON   BANK0   BANK1   BANK3   BANK2
      Params:         0       0       0       0       0
      Locals:         0       0       0       0       0
      Temps:          0       0       0       0       0
      Totals:         0       0       0       0       0
Total ram usage:        0 bytes
 Hardware stack levels used:    1
 Hardware stack levels required when called:    3
 This function calls:
		_disableWater
		_instCtrl
		_printString
 This function is called by:
		_main
 This function uses a non-reentrant model


 *************** function _disableWater *****************
 Defined at:
		line 421 in file "C:\Users\notjo\OneDrive\Desktop\USC\USC-Year3-Sem2\3201-EmbeddedSystems\Automated_Water_Distribution\build\Alin_Ceballos_Francis_Gere_Ratificar_DP.c"
 Parameters:    Size  Location     Type
  servoPin        2    3[BANK0 ] int 
 Auto vars:     Size  Location     Type
		None
 Return value:  Size  Location     Type
		None               void
 Registers used:
		wreg, fsr0l, fsr0h, status,2, status,0, pclath, cstack
 Tracked objects:
		On entry : 
		On exit  : 
		Unchanged: 
 Data sizes:     COMMON   BANK0   BANK1   BANK3   BANK2
      Params:         0       2       0       0       0
      Locals:         0       0       0       0       0
      Temps:          0       0       0       0       0
      Totals:         0       2       0       0       0
Total ram usage:        2 bytes
 Hardware stack levels used:    1
 Hardware stack levels required when called:    2
 This function calls:
		_rotateRight
 This function is called by:
		_initSYS
		_updateDisplay
 This function uses a non-reentrant model


 *************** function _rotateRight *****************
 Defined at:
		line 480 in file "C:\Users\notjo\OneDrive\Desktop\USC\USC-Year3-Sem2\3201-EmbeddedSystems\Automated_Water_Distribution\build\Alin_Ceballos_Francis_Gere_Ratificar_DP.c"
 Parameters:    Size  Location     Type
  servoPin        2    4[COMMON] int 
 Auto vars:     Size  Location     Type
		None
 Return value:  Size  Location     Type
		None               void
 Registers used:
		wreg, fsr0l, fsr0h, status,2, status,0
 Tracked objects:
		On entry : 
		On exit  : 
		Unchanged: 
 Data sizes:     COMMON   BANK0   BANK1   BANK3   BANK2
      Params:         2       0       0       0       0
      Locals:         0       0       0       0       0
      Temps:          0       3       0       0       0
      Totals:         2       3       0       0       0
Total ram usage:        5 bytes
 Hardware stack levels used:    1
 Hardware stack levels required when called:    1
 This function calls:
		Nothing
 This function is called by:
		_disableWater
 This function uses a non-reentrant model


 *************** function _initLCD *****************
 Defined at:
		line 543 in file "C:\Users\notjo\OneDrive\Desktop\USC\USC-Year3-Sem2\3201-EmbeddedSystems\Automated_Water_Distribution\build\Alin_Ceballos_Francis_Gere_Ratificar_DP.c"
 Parameters:    Size  Location     Type
		None
 Auto vars:     Size  Location     Type
		None
 Return value:  Size  Location     Type
		None               void
 Registers used:
		wreg, status,2, status,0, btemp+1, pclath, cstack
 Tracked objects:
		On entry : 
		On exit  : 
		Unchanged: 
 Data sizes:     COMMON   BANK0   BANK1   BANK3   BANK2
      Params:         0       0       0       0       0
      Locals:         0       0       0       0       0
      Temps:          0       0       0       0       0
      Totals:         0       0       0       0       0
Total ram usage:        0 bytes
 Hardware stack levels used:    1
 Hardware stack levels required when called:    2
 This function calls:
		_instCtrl
 This function is called by:
		_main
 This function uses a non-reentrant model


 *************** function _checkWaterLevel *****************
 Defined at:
		line 321 in file "C:\Users\notjo\OneDrive\Desktop\USC\USC-Year3-Sem2\3201-EmbeddedSystems\Automated_Water_Distribution\build\Alin_Ceballos_Francis_Gere_Ratificar_DP.c"
 Parameters:    Size  Location     Type
		None
 Auto vars:     Size  Location     Type
  i               2   16[BANK1 ] int 
  percentage     10    0[BANK1 ] unsigned char [10]
  percentValue    2   14[BANK1 ] int 
  distance        2   12[BANK1 ] int 
  duration        2   10[BANK1 ] unsigned int 
 Return value:  Size  Location     Type
		None               void
 Registers used:
		wreg, fsr0l, fsr0h, status,2, status,0, btemp+1, pclath, cstack
 Tracked objects:
		On entry : 
		On exit  : 
		Unchanged: 
 Data sizes:     COMMON   BANK0   BANK1   BANK3   BANK2
      Params:         0       0       0       0       0
      Locals:         0       0      18       0       0
      Temps:          0       1       0       0       0
      Totals:         0       1      18       0       0
Total ram usage:       19 bytes
 Hardware stack levels used:    1
 Hardware stack levels required when called:    3
 This function calls:
		___awmod
		___ftadd
		___ftdiv
		___ftge
		___ftmul
		___ftneg
		___fttol
		___lwtoft
		_instCtrl
		_printString
		_sprintf
 This function is called by:
		_main
 This function uses a non-reentrant model


 *************** function _sprintf *****************
 Defined at:
		line 492 in file "C:\Program Files (x86)\Microchip\xc8\v1.33\sources\common\doprnt.c"
 Parameters:    Size  Location     Type
  sp              1    wreg     PTR unsigned char 
		 -> checkWaterLevel@percentage(10), updateDisplay@seconds_str(10), 
  f               1   12[BANK0 ] PTR const unsigned char 
		 -> STR_18(5), STR_6(6), 
 Auto vars:     Size  Location     Type
  sp              1   25[BANK0 ] PTR unsigned char 
		 -> checkWaterLevel@percentage(10), updateDisplay@seconds_str(10), 
  _val            4   21[BANK0 ] struct .
  c               1   26[BANK0 ] char 
  prec            1   20[BANK0 ] char 
  flag            1   19[BANK0 ] unsigned char 
  ap              1   18[BANK0 ] PTR void [1]
		 -> ?_sprintf(2), 
 Return value:  Size  Location     Type
                  2   12[BANK0 ] int 
 Registers used:
		wreg, fsr0l, fsr0h, status,2, status,0, btemp+1, pclath, cstack
 Tracked objects:
		On entry : 
		On exit  : 
		Unchanged: 
 Data sizes:     COMMON   BANK0   BANK1   BANK3   BANK2
      Params:         0       3       0       0       0
      Locals:         0       9       0       0       0
      Temps:          0       3       0       0       0
      Totals:         0      15       0       0       0
Total ram usage:       15 bytes
 Hardware stack levels used:    1
 Hardware stack levels required when called:    2
 This function calls:
		___lwdiv
		___lwmod
 This function is called by:
		_updateDisplay
		_checkWaterLevel
 This function uses a non-reentrant model


 *************** function ___lwmod *****************
 Defined at:
		line 6 in file "C:\Program Files (x86)\Microchip\xc8\v1.33\sources\common\lwmod.c"
 Parameters:    Size  Location     Type
  divisor         2    7[BANK0 ] unsigned int 
  dividend        2    9[BANK0 ] unsigned int 
 Auto vars:     Size  Location     Type
  counter         1   11[BANK0 ] unsigned char 
 Return value:  Size  Location     Type
                  2    7[BANK0 ] unsigned int 
 Registers used:
		wreg, status,2, status,0
 Tracked objects:
		On entry : 
		On exit  : 
		Unchanged: 
 Data sizes:     COMMON   BANK0   BANK1   BANK3   BANK2
      Params:         0       4       0       0       0
      Locals:         0       1       0       0       0
      Temps:          1       0       0       0       0
      Totals:         1       5       0       0       0
Total ram usage:        6 bytes
 Hardware stack levels used:    1
 Hardware stack levels required when called:    1
 This function calls:
		Nothing
 This function is called by:
		_sprintf
 This function uses a non-reentrant model


 *************** function ___lwdiv *****************
 Defined at:
		line 6 in file "C:\Program Files (x86)\Microchip\xc8\v1.33\sources\common\lwdiv.c"
 Parameters:    Size  Location     Type
  divisor         2    0[BANK0 ] unsigned int 
  dividend        2    2[BANK0 ] unsigned int 
 Auto vars:     Size  Location     Type
  quotient        2    5[BANK0 ] unsigned int 
  counter         1    4[BANK0 ] unsigned char 
 Return value:  Size  Location     Type
                  2    0[BANK0 ] unsigned int 
 Registers used:
		wreg, status,2, status,0
 Tracked objects:
		On entry : 
		On exit  : 
		Unchanged: 
 Data sizes:     COMMON   BANK0   BANK1   BANK3   BANK2
      Params:         0       4       0       0       0
      Locals:         0       3       0       0       0
      Temps:          1       0       0       0       0
      Totals:         1       7       0       0       0
Total ram usage:        8 bytes
 Hardware stack levels used:    1
 Hardware stack levels required when called:    1
 This function calls:
		Nothing
 This function is called by:
		_sprintf
 This function uses a non-reentrant model


 *************** function _printString *****************
 Defined at:
		line 588 in file "C:\Users\notjo\OneDrive\Desktop\USC\USC-Year3-Sem2\3201-EmbeddedSystems\Automated_Water_Distribution\build\Alin_Ceballos_Francis_Gere_Ratificar_DP.c"
 Parameters:    Size  Location     Type
  string          2    4[COMMON] PTR unsigned char 
		 -> STR_20(14), STR_19(14), checkWaterLevel@percentage(10), STR_17(5), 
		 -> STR_16(13), STR_15(13), STR_14(14), STR_13(13), 
		 -> STR_12(13), STR_11(19), STR_10(13), STR_9(13), 
		 -> STR_8(13), STR_7(13), updateDisplay@seconds_str(10), STR_5(8), 
		 -> STR_4(21), STR_3(21), STR_2(15), STR_1(11), 
 Auto vars:     Size  Location     Type
		None
 Return value:  Size  Location     Type
		None               void
 Registers used:
		wreg, fsr0l, fsr0h, status,2, status,0, btemp+1, pclath, cstack
 Tracked objects:
		On entry : 
		On exit  : 
		Unchanged: 
 Data sizes:     COMMON   BANK0   BANK1   BANK3   BANK2
      Params:         2       0       0       0       0
      Locals:         0       0       0       0       0
      Temps:          0       0       0       0       0
      Totals:         2       0       0       0       0
Total ram usage:        2 bytes
 Hardware stack levels used:    1
 Hardware stack levels required when called:    2
 This function calls:
		_dataCtrl
 This function is called by:
		_main
		_initSYS
		_updateDisplay
		_checkWaterLevel
 This function uses a non-reentrant model


 *************** function _dataCtrl *****************
 Defined at:
		line 558 in file "C:\Users\notjo\OneDrive\Desktop\USC\USC-Year3-Sem2\3201-EmbeddedSystems\Automated_Water_Distribution\build\Alin_Ceballos_Francis_Gere_Ratificar_DP.c"
 Parameters:    Size  Location     Type
  data            1    wreg     unsigned char 
 Auto vars:     Size  Location     Type
  data            1    0[BANK0 ] unsigned char 
  i               2    1[BANK0 ] int 
 Return value:  Size  Location     Type
		None               void
 Registers used:
		wreg, status,2, btemp+1
 Tracked objects:
		On entry : 
		On exit  : 
		Unchanged: 
 Data sizes:     COMMON   BANK0   BANK1   BANK3   BANK2
      Params:         0       0       0       0       0
      Locals:         0       3       0       0       0
      Temps:          0       0       0       0       0
      Totals:         0       3       0       0       0
Total ram usage:        3 bytes
 Hardware stack levels used:    1
 Hardware stack levels required when called:    1
 This function calls:
		Nothing
 This function is called by:
		_printString
 This function uses a non-reentrant model


 *************** function _instCtrl *****************
 Defined at:
		line 573 in file "C:\Users\notjo\OneDrive\Desktop\USC\USC-Year3-Sem2\3201-EmbeddedSystems\Automated_Water_Distribution\build\Alin_Ceballos_Francis_Gere_Ratificar_DP.c"
 Parameters:    Size  Location     Type
  inst            1    wreg     unsigned char 
 Auto vars:     Size  Location     Type
  inst            1    0[BANK0 ] unsigned char 
  i               2    1[BANK0 ] int 
 Return value:  Size  Location     Type
		None               void
 Registers used:
		wreg, status,2, btemp+1
 Tracked objects:
		On entry : 
		On exit  : 
		Unchanged: 
 Data sizes:     COMMON   BANK0   BANK1   BANK3   BANK2
      Params:         0       0       0       0       0
      Locals:         0       3       0       0       0
      Temps:          0       0       0       0       0
      Totals:         0       3       0       0       0
Total ram usage:        3 bytes
 Hardware stack levels used:    1
 Hardware stack levels required when called:    1
 This function calls:
		Nothing
 This function is called by:
		_main
		_initSYS
		_updateDisplay
		_checkWaterLevel
		_initLCD
 This function uses a non-reentrant model


 *************** function ___lwtoft *****************
 Defined at:
		line 28 in file "C:\Program Files (x86)\Microchip\xc8\v1.33\sources\common\lwtoft.c"
 Parameters:    Size  Location     Type
  c               2    8[BANK0 ] unsigned int 
 Auto vars:     Size  Location     Type
		None
 Return value:  Size  Location     Type
                  3    8[BANK0 ] float 
 Registers used:
		wreg, status,2, status,0, pclath, cstack
 Tracked objects:
		On entry : 
		On exit  : 
		Unchanged: 
 Data sizes:     COMMON   BANK0   BANK1   BANK3   BANK2
      Params:         0       3       0       0       0
      Locals:         0       0       0       0       0
      Temps:          1       0       0       0       0
      Totals:         1       3       0       0       0
Total ram usage:        4 bytes
 Hardware stack levels used:    1
 Hardware stack levels required when called:    2
 This function calls:
		___ftpack
 This function is called by:
		_checkWaterLevel
 This function uses a non-reentrant model


 *************** function ___fttol *****************
 Defined at:
		line 44 in file "C:\Program Files (x86)\Microchip\xc8\v1.33\sources\common\fttol.c"
 Parameters:    Size  Location     Type
  f1              3   43[BANK0 ] float 
 Auto vars:     Size  Location     Type
  lval            4   52[BANK0 ] unsigned long 
  exp1            1   56[BANK0 ] unsigned char 
  sign1           1   51[BANK0 ] unsigned char 
 Return value:  Size  Location     Type
                  4   43[BANK0 ] long 
 Registers used:
		wreg, status,2, status,0
 Tracked objects:
		On entry : 
		On exit  : 
		Unchanged: 
 Data sizes:     COMMON   BANK0   BANK1   BANK3   BANK2
      Params:         0       4       0       0       0
      Locals:         0       6       0       0       0
      Temps:          0       4       0       0       0
      Totals:         0      14       0       0       0
Total ram usage:       14 bytes
 Hardware stack levels used:    1
 Hardware stack levels required when called:    1
 This function calls:
		Nothing
 This function is called by:
		_checkWaterLevel
 This function uses a non-reentrant model


 *************** function ___ftneg *****************
 Defined at:
		line 15 in file "C:\Program Files (x86)\Microchip\xc8\v1.33\sources\common\ftneg.c"
 Parameters:    Size  Location     Type
  f1              3   27[BANK0 ] float 
 Auto vars:     Size  Location     Type
		None
 Return value:  Size  Location     Type
                  3   27[BANK0 ] float 
 Registers used:
		wreg
 Tracked objects:
		On entry : 
		On exit  : 
		Unchanged: 
 Data sizes:     COMMON   BANK0   BANK1   BANK3   BANK2
      Params:         0       3       0       0       0
      Locals:         0       0       0       0       0
      Temps:          0       0       0       0       0
      Totals:         0       3       0       0       0
Total ram usage:        3 bytes
 Hardware stack levels used:    1
 Hardware stack levels required when called:    1
 This function calls:
		Nothing
 This function is called by:
		_checkWaterLevel
 This function uses a non-reentrant model


 *************** function ___ftmul *****************
 Defined at:
		line 62 in file "C:\Program Files (x86)\Microchip\xc8\v1.33\sources\common\ftmul.c"
 Parameters:    Size  Location     Type
  f1              3   11[BANK0 ] float 
  f2              3   14[BANK0 ] float 
 Auto vars:     Size  Location     Type
  f3_as_produc    3   22[BANK0 ] unsigned um
  sign            1   26[BANK0 ] unsigned char 
  cntr            1   25[BANK0 ] unsigned char 
  exp             1   21[BANK0 ] unsigned char 
 Return value:  Size  Location     Type
                  3   11[BANK0 ] float 
 Registers used:
		wreg, status,2, status,0, pclath, cstack
 Tracked objects:
		On entry : 
		On exit  : 
		Unchanged: 
 Data sizes:     COMMON   BANK0   BANK1   BANK3   BANK2
      Params:         0       6       0       0       0
      Locals:         0       6       0       0       0
      Temps:          0       4       0       0       0
      Totals:         0      16       0       0       0
Total ram usage:       16 bytes
 Hardware stack levels used:    1
 Hardware stack levels required when called:    2
 This function calls:
		___ftpack
 This function is called by:
		_checkWaterLevel
 This function uses a non-reentrant model


 *************** function ___ftge *****************
 Defined at:
		line 4 in file "C:\Program Files (x86)\Microchip\xc8\v1.33\sources\common\ftge.c"
 Parameters:    Size  Location     Type
  ff1             3    0[BANK0 ] float 
  ff2             3    3[BANK0 ] float 
 Auto vars:     Size  Location     Type
		None
 Return value:  Size  Location     Type
		None               void
 Registers used:
		wreg, status,2, status,0
 Tracked objects:
		On entry : 
		On exit  : 
		Unchanged: 
 Data sizes:     COMMON   BANK0   BANK1   BANK3   BANK2
      Params:         0       6       0       0       0
      Locals:         0       0       0       0       0
      Temps:          0       6       0       0       0
      Totals:         0      12       0       0       0
Total ram usage:       12 bytes
 Hardware stack levels used:    1
 Hardware stack levels required when called:    1
 This function calls:
		Nothing
 This function is called by:
		_checkWaterLevel
 This function uses a non-reentrant model


 *************** function ___ftdiv *****************
 Defined at:
		line 49 in file "C:\Program Files (x86)\Microchip\xc8\v1.33\sources\pic\ftdiv.c"
 Parameters:    Size  Location     Type
  f2              3    8[BANK0 ] float 
  f1              3   11[BANK0 ] float 
 Auto vars:     Size  Location     Type
  f3              3   19[BANK0 ] float 
  sign            1   23[BANK0 ] unsigned char 
  exp             1   22[BANK0 ] unsigned char 
  cntr            1   18[BANK0 ] unsigned char 
 Return value:  Size  Location     Type
                  3    8[BANK0 ] float 
 Registers used:
		wreg, status,2, status,0, pclath, cstack
 Tracked objects:
		On entry : 
		On exit  : 
		Unchanged: 
 Data sizes:     COMMON   BANK0   BANK1   BANK3   BANK2
      Params:         0       6       0       0       0
      Locals:         0       6       0       0       0
      Temps:          0       4       0       0       0
      Totals:         0      16       0       0       0
Total ram usage:       16 bytes
 Hardware stack levels used:    1
 Hardware stack levels required when called:    2
 This function calls:
		___ftpack
 This function is called by:
		_checkWaterLevel
 This function uses a non-reentrant model


 *************** function ___ftadd *****************
 Defined at:
		line 86 in file "C:\Program Files (x86)\Microchip\xc8\v1.33\sources\common\ftadd.c"
 Parameters:    Size  Location     Type
  f1              3   30[BANK0 ] float 
  f2              3   33[BANK0 ] float 
 Auto vars:     Size  Location     Type
  exp1            1   42[BANK0 ] unsigned char 
  exp2            1   41[BANK0 ] unsigned char 
  sign            1   40[BANK0 ] unsigned char 
 Return value:  Size  Location     Type
                  3   30[BANK0 ] float 
 Registers used:
		wreg, status,2, status,0, pclath, cstack
 Tracked objects:
		On entry : 
		On exit  : 
		Unchanged: 
 Data sizes:     COMMON   BANK0   BANK1   BANK3   BANK2
      Params:         0       6       0       0       0
      Locals:         0       3       0       0       0
      Temps:          0       4       0       0       0
      Totals:         0      13       0       0       0
Total ram usage:       13 bytes
 Hardware stack levels used:    1
 Hardware stack levels required when called:    2
 This function calls:
		___ftpack
 This function is called by:
		_checkWaterLevel
 This function uses a non-reentrant model


 *************** function ___ftpack *****************
 Defined at:
		line 62 in file "C:\Program Files (x86)\Microchip\xc8\v1.33\sources\common\float.c"
 Parameters:    Size  Location     Type
  arg             3    0[BANK0 ] unsigned um
  exp             1    3[BANK0 ] unsigned char 
  sign            1    4[BANK0 ] unsigned char 
 Auto vars:     Size  Location     Type
		None
 Return value:  Size  Location     Type
                  3    0[BANK0 ] float 
 Registers used:
		wreg, status,2, status,0
 Tracked objects:
		On entry : 
		On exit  : 
		Unchanged: 
 Data sizes:     COMMON   BANK0   BANK1   BANK3   BANK2
      Params:         0       5       0       0       0
      Locals:         0       0       0       0       0
      Temps:          0       3       0       0       0
      Totals:         0       8       0       0       0
Total ram usage:        8 bytes
 Hardware stack levels used:    1
 Hardware stack levels required when called:    1
 This function calls:
		Nothing
 This function is called by:
		___ftadd
		___ftdiv
		___ftmul
		___lwtoft
 This function uses a non-reentrant model


 *************** function ___awmod *****************
 Defined at:
		line 6 in file "C:\Program Files (x86)\Microchip\xc8\v1.33\sources\common\awmod.c"
 Parameters:    Size  Location     Type
  divisor         2    0[BANK0 ] int 
  dividend        2    2[BANK0 ] int 
 Auto vars:     Size  Location     Type
  sign            1    5[BANK0 ] unsigned char 
  counter         1    4[BANK0 ] unsigned char 
 Return value:  Size  Location     Type
                  2    0[BANK0 ] int 
 Registers used:
		wreg, status,2, status,0
 Tracked objects:
		On entry : 
		On exit  : 
		Unchanged: 
 Data sizes:     COMMON   BANK0   BANK1   BANK3   BANK2
      Params:         0       4       0       0       0
      Locals:         0       2       0       0       0
      Temps:          1       0       0       0       0
      Totals:         1       6       0       0       0
Total ram usage:        7 bytes
 Hardware stack levels used:    1
 Hardware stack levels required when called:    1
 This function calls:
		Nothing
 This function is called by:
		_checkWaterLevel
 This function uses a non-reentrant model


 *************** function _ISR *****************
 Defined at:
		line 102 in file "C:\Users\notjo\OneDrive\Desktop\USC\USC-Year3-Sem2\3201-EmbeddedSystems\Automated_Water_Distribution\build\Alin_Ceballos_Francis_Gere_Ratificar_DP.c"
 Parameters:    Size  Location     Type
		None
 Auto vars:     Size  Location     Type
		None
 Return value:  Size  Location     Type
		None               void
 Registers used:
		wreg
 Tracked objects:
		On entry : 
		On exit  : 
		Unchanged: 
 Data sizes:     COMMON   BANK0   BANK1   BANK3   BANK2
      Params:         0       0       0       0       0
      Locals:         0       0       0       0       0
      Temps:          4       0       0       0       0
      Totals:         4       0       0       0       0
Total ram usage:        4 bytes
 Hardware stack levels used:    1
 This function calls:
		Nothing
 This function is called by:
		Interrupt level 1
 This function uses a non-reentrant model



MODULE INFORMATION

Module		Function		Class		Link	Load	Size
C:\Program Files (x86)\Microchip\xc8\v1.33\sources\common\ftneg.c
		___ftneg       		CODE           	0BA2	0000	10

C:\Program Files (x86)\Microchip\xc8\v1.33\sources\common\ftneg.c estimated size: 10

C:\Program Files (x86)\Microchip\xc8\v1.33\sources\common\ftge.c
		___ftge        		CODE           	0E4A	0000	95

C:\Program Files (x86)\Microchip\xc8\v1.33\sources\common\ftge.c estimated size: 95

C:\Program Files (x86)\Microchip\xc8\v1.33\sources\common\doprnt.c
		_sprintf       		CODE           	04B3	0000	219

C:\Program Files (x86)\Microchip\xc8\v1.33\sources\common\doprnt.c estimated size: 219

C:\Program Files (x86)\Microchip\xc8\v1.33\sources\common\float.c
		___ftpack      		CODE           	0F08	0000	106

C:\Program Files (x86)\Microchip\xc8\v1.33\sources\common\float.c estimated size: 106

C:\Program Files (x86)\Microchip\xc8\v1.33\sources\common\lwmod.c
		___lwmod       		CODE           	0CE4	0000	54

C:\Program Files (x86)\Microchip\xc8\v1.33\sources\common\lwmod.c estimated size: 54

C:\Program Files (x86)\Microchip\xc8\v1.33\sources\common\awmod.c
		___awmod       		CODE           	0DA0	0000	79

C:\Program Files (x86)\Microchip\xc8\v1.33\sources\common\awmod.c estimated size: 79

C:\Program Files (x86)\Microchip\xc8\v1.33\sources\common\ftmul.c
		___ftmul       		CODE           	058E	0000	211

C:\Program Files (x86)\Microchip\xc8\v1.33\sources\common\ftmul.c estimated size: 211

C:\Users\notjo\OneDrive\Desktop\USC\USC-Year3-Sem2\3201-EmbeddedSystems\Automated_Water_Distribution\build\Alin_Ceballos_Francis_Gere_Ratificar_DP.c
		_rotateLeft    		CODE           	0DEF	0000	91
		_printString   		CODE           	0C15	0000	35
		_initSYS       		CODE           	07AD	0000	81
		_rotateRight   		CODE           	0EA9	0000	95
		_ISR           		CODE           	0BAC	0000	23
		_disableWater  		CODE           	0C38	0000	41
		_main          		CODE           	0D5A	0000	70
		_enableWater   		CODE           	0CB7	0000	45
		_instCtrl      		CODE           	0C61	0000	43
		_dataCtrl      		CODE           	0C8C	0000	43
		_timerDelay    		CODE           	0BF8	0000	29
		_checkWaterLeve		CODE           	002C	0000	515
		_initLCD       		CODE           	0BDB	0000	29
		_updateDisplay 		CODE           	022F	0000	379

C:\Users\notjo\OneDrive\Desktop\USC\USC-Year3-Sem2\3201-EmbeddedSystems\Automated_Water_Distribution\build\Alin_Ceballos_Francis_Gere_Ratificar_DP.c estimated size: 1519

C:\Program Files (x86)\Microchip\xc8\v1.33\sources\common\lwdiv.c
		___lwdiv       		CODE           	0D1A	0000	64

C:\Program Files (x86)\Microchip\xc8\v1.33\sources\common\lwdiv.c estimated size: 64

shared
		__stringtab    		STRING         	0719	0000	16
		__stringdata   		STRING         	0733	0000	122
		_dpowers       		STRING         	0729	0000	10
		__initializatio		CODE           	0015	0000	19

shared estimated size: 167

C:\Program Files (x86)\Microchip\xc8\v1.33\sources\common\fttol.c
		___fttol       		CODE           	0F72	0000	142

C:\Program Files (x86)\Microchip\xc8\v1.33\sources\common\fttol.c estimated size: 142

C:\Program Files (x86)\Microchip\xc8\v1.33\sources\common\ftadd.c
		___ftadd       		CODE           	03AA	0000	265

C:\Program Files (x86)\Microchip\xc8\v1.33\sources\common\ftadd.c estimated size: 265

C:\Program Files (x86)\Microchip\xc8\v1.33\sources\pic\ftdiv.c
		___ftdiv       		CODE           	0661	0000	184

C:\Program Files (x86)\Microchip\xc8\v1.33\sources\pic\ftdiv.c estimated size: 184

C:\Program Files (x86)\Microchip\xc8\v1.33\sources\common\lwtoft.c
		___lwtoft      		CODE           	0BC3	0000	24

C:\Program Files (x86)\Microchip\xc8\v1.33\sources\common\lwtoft.c estimated size: 24

